[dotenv@17.3.1] injecting env (1) from api\.env -- tip: ΓÜí∩╕Å secrets for agents: https://dotenvx.com/as2
Attempting to connect to: postgresql://postgres.eyjsqehajgmjfigykeij:****@aws-1-eu-central-2.pooler.supabase.com:5432/postgres?sslmode=require
node : (node:21472) Warning: SECURITY 
WARNING: The SSL modes 'prefer', 'require', 
and 'verify-ca' are treated as aliases for 
'verify-full'.
At line:1 char:1
+ node api/test-db.js 2>&1 | tee 
test_output.txt
+ ~~~~~~~~~~~~~~~~~~~~~~~~
    + CategoryInfo          : NotSpecified:  
   ((node:21472) Wa... 'verify-full'.:Strin  
  g) [], RemoteException
    + FullyQualifiedErrorId : NativeCommandE 
   rror
 
In the next major version 
(pg-connection-string v3.0.0 and pg v9.0.0), 
these modes will adopt standard libpq 
semantics, which have weaker security 
guarantees.

To prepare for this change:
- If you want the current behavior, 
explicitly use 'sslmode=verify-full'
- If you want libpq compatibility now, use 
'uselibpqcompat=true&sslmode=require'

See https://www.postgresql.org/docs/current/l
ibpq-ssl.html for libpq SSL mode definitions.
(Use `node --trace-warnings ...` to show 
where the warning was created)
Connection error: Error: self-signed 
certificate in certificate chain
    at TLSSocket.onConnectSecure 
(node:_tls_wrap:1649:34)
    at TLSSocket.emit (node:events:508:28)
    at TLSSocket._finishInit 
(node:_tls_wrap:1094:8)
    at ssl.onhandshakedone 
(node:_tls_wrap:880:12)
